// Jest Snapshot v1, https://goo.gl/fbAQLP

exports[`Header should match snapshot 1`] = `
ShallowWrapper {
  "length": 1,
  Symbol(enzyme.__root__): [Circular],
  Symbol(enzyme.__unrendered__): <Header
    updateSelection={[Function]}
/>,
  Symbol(enzyme.__renderer__): Object {
    "batchedUpdates": [Function],
    "getNode": [Function],
    "render": [Function],
    "simulateEvent": [Function],
    "unmount": [Function],
  },
  Symbol(enzyme.__node__): Object {
    "instance": null,
    "key": undefined,
    "nodeType": "host",
    "props": Object {
      "children": Array [
        <h2
          className="header__title"
>
          SWapiBox
</h2>,
        <ul
          className="header__nav"
>
          <li
                    className=""
                    onClick={[Function]}
          >
                    <Button
                              customStyle="card-container__nav--button btn"
                              name="Favorites"
                    />
          </li>
</ul>,
      ],
      "className": "header",
    },
    "ref": null,
    "rendered": Array [
      Object {
        "instance": null,
        "key": undefined,
        "nodeType": "host",
        "props": Object {
          "children": "SWapiBox",
          "className": "header__title",
        },
        "ref": null,
        "rendered": "SWapiBox",
        "type": "h2",
      },
      Object {
        "instance": null,
        "key": undefined,
        "nodeType": "host",
        "props": Object {
          "children": <li
            className=""
            onClick={[Function]}
>
            <Button
                        customStyle="card-container__nav--button btn"
                        name="Favorites"
            />
</li>,
          "className": "header__nav",
        },
        "ref": null,
        "rendered": Object {
          "instance": null,
          "key": undefined,
          "nodeType": "host",
          "props": Object {
            "children": <Button
              customStyle="card-container__nav--button btn"
              name="Favorites"
/>,
            "className": "",
            "onClick": [Function],
          },
          "ref": null,
          "rendered": Object {
            "instance": null,
            "key": undefined,
            "nodeType": "function",
            "props": Object {
              "customStyle": "card-container__nav--button btn",
              "name": "Favorites",
            },
            "ref": null,
            "rendered": null,
            "type": [Function],
          },
          "type": "li",
        },
        "type": "ul",
      },
    ],
    "type": "header",
  },
  Symbol(enzyme.__nodes__): Array [
    Object {
      "instance": null,
      "key": undefined,
      "nodeType": "host",
      "props": Object {
        "children": Array [
          <h2
            className="header__title"
>
            SWapiBox
</h2>,
          <ul
            className="header__nav"
>
            <li
                        className=""
                        onClick={[Function]}
            >
                        <Button
                                    customStyle="card-container__nav--button btn"
                                    name="Favorites"
                        />
            </li>
</ul>,
        ],
        "className": "header",
      },
      "ref": null,
      "rendered": Array [
        Object {
          "instance": null,
          "key": undefined,
          "nodeType": "host",
          "props": Object {
            "children": "SWapiBox",
            "className": "header__title",
          },
          "ref": null,
          "rendered": "SWapiBox",
          "type": "h2",
        },
        Object {
          "instance": null,
          "key": undefined,
          "nodeType": "host",
          "props": Object {
            "children": <li
              className=""
              onClick={[Function]}
>
              <Button
                            customStyle="card-container__nav--button btn"
                            name="Favorites"
              />
</li>,
            "className": "header__nav",
          },
          "ref": null,
          "rendered": Object {
            "instance": null,
            "key": undefined,
            "nodeType": "host",
            "props": Object {
              "children": <Button
                customStyle="card-container__nav--button btn"
                name="Favorites"
/>,
              "className": "",
              "onClick": [Function],
            },
            "ref": null,
            "rendered": Object {
              "instance": null,
              "key": undefined,
              "nodeType": "function",
              "props": Object {
                "customStyle": "card-container__nav--button btn",
                "name": "Favorites",
              },
              "ref": null,
              "rendered": null,
              "type": [Function],
            },
            "type": "li",
          },
          "type": "ul",
        },
      ],
      "type": "header",
    },
  ],
  Symbol(enzyme.__options__): Object {
    "adapter": ReactSixteenAdapter {
      "options": Object {
        "enableComponentDidUpdateOnSetState": true,
      },
    },
    "disableLifecycleMethods": true,
  },
}
`;
