// Jest Snapshot v1, https://goo.gl/fbAQLP

exports[`PlanetCard should match snapshot 1`] = `
ShallowWrapper {
  "length": 1,
  Symbol(enzyme.__root__): [Circular],
  Symbol(enzyme.__unrendered__): <PlanetCard
    climate="temperate"
    favorite={false}
    name="Alderaan"
    population="2000000000"
    residents={
        Array [
            undefined,
            undefined,
            undefined,
          ]
    }
    terrain="grasslands, mountains"
    updateFavorites={[Function]}
/>,
  Symbol(enzyme.__renderer__): Object {
    "batchedUpdates": [Function],
    "getNode": [Function],
    "render": [Function],
    "simulateEvent": [Function],
    "unmount": [Function],
  },
  Symbol(enzyme.__node__): Object {
    "instance": null,
    "key": undefined,
    "nodeType": "host",
    "props": Object {
      "children": Array [
        <div
          className="card-container__card--header"
>
          <h2
                    className="card-container__card--heading"
          >
                    Alderaan
          </h2>
          <span
                    className="card__favorite"
                    onClick={[Function]}
          >
                    <Button
                              customStyle="btn favorite--button"
                              name="⭐"
                    />
          </span>
</div>,
        <p>
          Climate: 
          temperate
</p>,
        <p>
          Population: 
          2000000000
</p>,
        <p>
          Residents: 
</p>,
        <p>
          Terrain: 
          grasslands, mountains
</p>,
      ],
      "className": "card-container__card",
    },
    "ref": null,
    "rendered": Array [
      Object {
        "instance": null,
        "key": undefined,
        "nodeType": "host",
        "props": Object {
          "children": Array [
            <h2
              className="card-container__card--heading"
>
              Alderaan
</h2>,
            <span
              className="card__favorite"
              onClick={[Function]}
>
              <Button
                            customStyle="btn favorite--button"
                            name="⭐"
              />
</span>,
          ],
          "className": "card-container__card--header",
        },
        "ref": null,
        "rendered": Array [
          Object {
            "instance": null,
            "key": undefined,
            "nodeType": "host",
            "props": Object {
              "children": "Alderaan",
              "className": "card-container__card--heading",
            },
            "ref": null,
            "rendered": "Alderaan",
            "type": "h2",
          },
          Object {
            "instance": null,
            "key": undefined,
            "nodeType": "host",
            "props": Object {
              "children": <Button
                customStyle="btn favorite--button"
                name="⭐"
/>,
              "className": "card__favorite",
              "onClick": [Function],
            },
            "ref": null,
            "rendered": Object {
              "instance": null,
              "key": undefined,
              "nodeType": "function",
              "props": Object {
                "customStyle": "btn favorite--button",
                "name": "⭐",
              },
              "ref": null,
              "rendered": null,
              "type": [Function],
            },
            "type": "span",
          },
        ],
        "type": "div",
      },
      Object {
        "instance": null,
        "key": undefined,
        "nodeType": "host",
        "props": Object {
          "children": Array [
            "Climate: ",
            "temperate",
          ],
        },
        "ref": null,
        "rendered": Array [
          "Climate: ",
          "temperate",
        ],
        "type": "p",
      },
      Object {
        "instance": null,
        "key": undefined,
        "nodeType": "host",
        "props": Object {
          "children": Array [
            "Population: ",
            "2000000000",
          ],
        },
        "ref": null,
        "rendered": Array [
          "Population: ",
          "2000000000",
        ],
        "type": "p",
      },
      Object {
        "instance": null,
        "key": undefined,
        "nodeType": "host",
        "props": Object {
          "children": Array [
            "Residents: ",
            Array [
              undefined,
              undefined,
              undefined,
            ],
          ],
        },
        "ref": null,
        "rendered": Array [
          "Residents: ",
          undefined,
          undefined,
          undefined,
        ],
        "type": "p",
      },
      Object {
        "instance": null,
        "key": undefined,
        "nodeType": "host",
        "props": Object {
          "children": Array [
            "Terrain: ",
            "grasslands, mountains",
          ],
        },
        "ref": null,
        "rendered": Array [
          "Terrain: ",
          "grasslands, mountains",
        ],
        "type": "p",
      },
    ],
    "type": "div",
  },
  Symbol(enzyme.__nodes__): Array [
    Object {
      "instance": null,
      "key": undefined,
      "nodeType": "host",
      "props": Object {
        "children": Array [
          <div
            className="card-container__card--header"
>
            <h2
                        className="card-container__card--heading"
            >
                        Alderaan
            </h2>
            <span
                        className="card__favorite"
                        onClick={[Function]}
            >
                        <Button
                                    customStyle="btn favorite--button"
                                    name="⭐"
                        />
            </span>
</div>,
          <p>
            Climate: 
            temperate
</p>,
          <p>
            Population: 
            2000000000
</p>,
          <p>
            Residents: 
</p>,
          <p>
            Terrain: 
            grasslands, mountains
</p>,
        ],
        "className": "card-container__card",
      },
      "ref": null,
      "rendered": Array [
        Object {
          "instance": null,
          "key": undefined,
          "nodeType": "host",
          "props": Object {
            "children": Array [
              <h2
                className="card-container__card--heading"
>
                Alderaan
</h2>,
              <span
                className="card__favorite"
                onClick={[Function]}
>
                <Button
                                customStyle="btn favorite--button"
                                name="⭐"
                />
</span>,
            ],
            "className": "card-container__card--header",
          },
          "ref": null,
          "rendered": Array [
            Object {
              "instance": null,
              "key": undefined,
              "nodeType": "host",
              "props": Object {
                "children": "Alderaan",
                "className": "card-container__card--heading",
              },
              "ref": null,
              "rendered": "Alderaan",
              "type": "h2",
            },
            Object {
              "instance": null,
              "key": undefined,
              "nodeType": "host",
              "props": Object {
                "children": <Button
                  customStyle="btn favorite--button"
                  name="⭐"
/>,
                "className": "card__favorite",
                "onClick": [Function],
              },
              "ref": null,
              "rendered": Object {
                "instance": null,
                "key": undefined,
                "nodeType": "function",
                "props": Object {
                  "customStyle": "btn favorite--button",
                  "name": "⭐",
                },
                "ref": null,
                "rendered": null,
                "type": [Function],
              },
              "type": "span",
            },
          ],
          "type": "div",
        },
        Object {
          "instance": null,
          "key": undefined,
          "nodeType": "host",
          "props": Object {
            "children": Array [
              "Climate: ",
              "temperate",
            ],
          },
          "ref": null,
          "rendered": Array [
            "Climate: ",
            "temperate",
          ],
          "type": "p",
        },
        Object {
          "instance": null,
          "key": undefined,
          "nodeType": "host",
          "props": Object {
            "children": Array [
              "Population: ",
              "2000000000",
            ],
          },
          "ref": null,
          "rendered": Array [
            "Population: ",
            "2000000000",
          ],
          "type": "p",
        },
        Object {
          "instance": null,
          "key": undefined,
          "nodeType": "host",
          "props": Object {
            "children": Array [
              "Residents: ",
              Array [
                undefined,
                undefined,
                undefined,
              ],
            ],
          },
          "ref": null,
          "rendered": Array [
            "Residents: ",
            undefined,
            undefined,
            undefined,
          ],
          "type": "p",
        },
        Object {
          "instance": null,
          "key": undefined,
          "nodeType": "host",
          "props": Object {
            "children": Array [
              "Terrain: ",
              "grasslands, mountains",
            ],
          },
          "ref": null,
          "rendered": Array [
            "Terrain: ",
            "grasslands, mountains",
          ],
          "type": "p",
        },
      ],
      "type": "div",
    },
  ],
  Symbol(enzyme.__options__): Object {
    "adapter": ReactSixteenAdapter {
      "options": Object {
        "enableComponentDidUpdateOnSetState": true,
      },
    },
    "disableLifecycleMethods": true,
  },
}
`;
